{
  "Bendroji informacija": {
    "Kirčiuotos formos": "naprotechnològas, naprotechnològė",
    "Kirčiuotė": "2",
    "Rūšis": "naujai skolintos šaknies žodis",
    "Žodžio klasė": "skolinys",
    "Kalbos dalis": "daiktavardis",
    "Kilmė": "anglų, naprotechnologist.",
    "Giminiški naujažodžiai": "naprotechnologija",
    "Pateikta": "2025-03-27"
  },
  "Reikšmė ir vartosena": {
    "Apibrėžtis": "naprotechnologijų specialistas.",
    "Vartojimo sritys": "medicina (sveikata), religija, technologijos",
    "Sąsajos": "naprotechnologija",
    "Vartosenos pavyzdžiai": {
      "1-as pavyzdys": {
        "Pavyzdys": "Jau žinodamas tai, kas yra nevaisingumas, kaip dažnai jis pasitaiko ir kokios yra jo esminės priežastys, gydytojas pradeda ieškoti visų įmanomų būdų nevaisingumui pašalinti. Šiandienos reprodukcinė medicina gali pasiūlyti tris pagrindines pagalbos formas. Pirmosios iš jų esmė yra ta, kad normaliai sugyvenančios poros tinkamiausiam gyvybės pradėjimo metui nustatyti nuodugniai yra prižiūrimas moters mėnesinių ciklas. [...] Ir tai kone natūraliausias, be didesnio medicinos įsiterpimo, problemos sprendimo būdas. Šį, kaip nepažeidžiantį jokių moralinių ar etinių vertybių, būdą aprobuoja ir patys gydytojai naprotechnologai.",
        "Šaltinis": "bernardinai.lt; aut. Tadeusz Wasilewski.",
        "Šaltinio rūšis": "internetinė žiniasklaida",
        "Metai": "2010",
        "Kita metrika": "11 29.",
        "Pavyzdį pateikė": "Agnė Aleksaitė (2016 12 12)."
      },
      "2-as pavyzdys": {
        "Pavyzdys": "Žymus akušeris ginekologas apsilankė naprotechnologų seminare: gydymo metodai šokiravo [antraštė]",
        "Šaltinis": "delfi.lt; aut. akušeris-ginekologas Rolandas Žiobakas.",
        "Šaltinio rūšis": "internetinė žiniasklaida",
        "Metai": "2016",
        "Kita metrika": "11 26.",
        "Pavyzdį pateikė": "Rita M."
      },
      "3-ias pavyzdys": {
        "Pavyzdys": "Žinote, Lietuva nėra visai išskirtinė savo reakcijomis į alternatyvius gydymo būdus šalis. Net ir šalyse, kur yra daugybė centrų ir klinikų, taikančių naprotechnologijos principus, kur gydymo rezultatai puikūs, pasitaiko įvairių reakcijų: ne tik diskreditavimas, ignoravimas, bet ir pačių medikų įsitraukimas į šią sritį. Tarkime, žinau vieną gydytoją ginekologą, kuris, anksčiau dirbęs pagalbinio apvaisinimo srityje, dabar yra puikus naprotechnologas.",
        "Šaltinis": "bernardinai.lt; aut. gydytoja akušerė-ginekologė Akvilė Esmantienė.",
        "Šaltinio rūšis": "internetinė žiniasklaida",
        "Metai": "2016",
        "Kita metrika": "12 05.",
        "Pavyzdį pateikė": "Agnė Aleksaitė (2016 12 12)."
      }
    }
  }
}